###############################################################################
#
# IAR ELF Linker V8.50.1.245/W32 for ARM                  22/Jan/2021  08:03:20
# Copyright 2007-2020 IAR Systems AB.
#
#    Output file  =
#        C:\Users\StevensUser\Documents\GitHub\Tank-Temp\EWARM\TankTemp
#        (1)\Exe\TankTemp (1).out
#    Map file     =
#        C:\Users\StevensUser\Documents\GitHub\Tank-Temp\EWARM\TankTemp
#        (1)\List\TankTemp (1).map
#    Command line =
#        -f C:\Users\STEVEN~1\AppData\Local\Temp\EW5BA4.tmp
#        ("C:\Users\StevensUser\Documents\GitHub\Tank-Temp\EWARM\TankTemp
#        (1)\Obj\fonts.o"
#        "C:\Users\StevensUser\Documents\GitHub\Tank-Temp\EWARM\TankTemp
#        (1)\Obj\main.o"
#        "C:\Users\StevensUser\Documents\GitHub\Tank-Temp\EWARM\TankTemp
#        (1)\Obj\ssd1306.o"
#        "C:\Users\StevensUser\Documents\GitHub\Tank-Temp\EWARM\TankTemp
#        (1)\Obj\startup_stm32g070xx.o"
#        "C:\Users\StevensUser\Documents\GitHub\Tank-Temp\EWARM\TankTemp
#        (1)\Obj\stm32g0xx_hal.o"
#        "C:\Users\StevensUser\Documents\GitHub\Tank-Temp\EWARM\TankTemp
#        (1)\Obj\stm32g0xx_hal_adc.o"
#        "C:\Users\StevensUser\Documents\GitHub\Tank-Temp\EWARM\TankTemp
#        (1)\Obj\stm32g0xx_hal_adc_ex.o"
#        "C:\Users\StevensUser\Documents\GitHub\Tank-Temp\EWARM\TankTemp
#        (1)\Obj\stm32g0xx_hal_cortex.o"
#        "C:\Users\StevensUser\Documents\GitHub\Tank-Temp\EWARM\TankTemp
#        (1)\Obj\stm32g0xx_hal_dma.o"
#        "C:\Users\StevensUser\Documents\GitHub\Tank-Temp\EWARM\TankTemp
#        (1)\Obj\stm32g0xx_hal_dma_ex.o"
#        "C:\Users\StevensUser\Documents\GitHub\Tank-Temp\EWARM\TankTemp
#        (1)\Obj\stm32g0xx_hal_exti.o"
#        "C:\Users\StevensUser\Documents\GitHub\Tank-Temp\EWARM\TankTemp
#        (1)\Obj\stm32g0xx_hal_flash.o"
#        "C:\Users\StevensUser\Documents\GitHub\Tank-Temp\EWARM\TankTemp
#        (1)\Obj\stm32g0xx_hal_flash_ex.o"
#        "C:\Users\StevensUser\Documents\GitHub\Tank-Temp\EWARM\TankTemp
#        (1)\Obj\stm32g0xx_hal_gpio.o"
#        "C:\Users\StevensUser\Documents\GitHub\Tank-Temp\EWARM\TankTemp
#        (1)\Obj\stm32g0xx_hal_i2c.o"
#        "C:\Users\StevensUser\Documents\GitHub\Tank-Temp\EWARM\TankTemp
#        (1)\Obj\stm32g0xx_hal_i2c_ex.o"
#        "C:\Users\StevensUser\Documents\GitHub\Tank-Temp\EWARM\TankTemp
#        (1)\Obj\stm32g0xx_hal_msp.o"
#        "C:\Users\StevensUser\Documents\GitHub\Tank-Temp\EWARM\TankTemp
#        (1)\Obj\stm32g0xx_hal_pwr.o"
#        "C:\Users\StevensUser\Documents\GitHub\Tank-Temp\EWARM\TankTemp
#        (1)\Obj\stm32g0xx_hal_pwr_ex.o"
#        "C:\Users\StevensUser\Documents\GitHub\Tank-Temp\EWARM\TankTemp
#        (1)\Obj\stm32g0xx_hal_rcc.o"
#        "C:\Users\StevensUser\Documents\GitHub\Tank-Temp\EWARM\TankTemp
#        (1)\Obj\stm32g0xx_hal_rcc_ex.o"
#        "C:\Users\StevensUser\Documents\GitHub\Tank-Temp\EWARM\TankTemp
#        (1)\Obj\stm32g0xx_hal_tim.o"
#        "C:\Users\StevensUser\Documents\GitHub\Tank-Temp\EWARM\TankTemp
#        (1)\Obj\stm32g0xx_hal_tim_ex.o"
#        "C:\Users\StevensUser\Documents\GitHub\Tank-Temp\EWARM\TankTemp
#        (1)\Obj\stm32g0xx_it.o"
#        "C:\Users\StevensUser\Documents\GitHub\Tank-Temp\EWARM\TankTemp
#        (1)\Obj\stm32g0xx_ll_adc.o"
#        "C:\Users\StevensUser\Documents\GitHub\Tank-Temp\EWARM\TankTemp
#        (1)\Obj\stm32g0xx_ll_rcc.o"
#        "C:\Users\StevensUser\Documents\GitHub\Tank-Temp\EWARM\TankTemp
#        (1)\Obj\system_stm32g0xx.o"
#        "C:\Users\StevensUser\Documents\GitHub\Tank-Temp\EWARM\TankTemp
#        (1)\Obj\thermistor.o"
#        "C:\Users\StevensUser\Documents\GitHub\Tank-Temp\EWARM\TankTemp
#        (1)\Obj\ux_manager.o" --redirect _Printf=_PrintfFull --redirect
#        _Scanf=_ScanfFull --no_out_extension -o
#        "C:\Users\StevensUser\Documents\GitHub\Tank-Temp\EWARM\TankTemp
#        (1)\Exe\TankTemp (1).out" --map
#        "C:\Users\StevensUser\Documents\GitHub\Tank-Temp\EWARM\TankTemp
#        (1)\List\TankTemp (1).map" --config
#        C:\Users\StevensUser\Documents\GitHub\Tank-Temp\EWARM/stm32g070xx_flash.icf
#        --semihosting --entry __iar_program_start --vfe --text_out locale)
#
###############################################################################

*******************************************************************************
*** RUNTIME MODEL ATTRIBUTES
***

CppFlavor       = *
__SystemLibrary = DLib
__dlib_version  = 6


*******************************************************************************
*** HEAP SELECTION
***

The basic heap was selected because some modules are built with
size limitations (and not runtime checking), and --advanced_heap
was not specified.


*******************************************************************************
*** PLACEMENT SUMMARY
***

"A0":  place at address 0x800'0000 { ro section .intvec };
"P1":  place in [from 0x800'0000 to 0x801'ffff] { ro };
define block CSTACK with size = 1K, alignment = 8 { };
define block HEAP with size = 512, alignment = 8 { };
"P2":  place in [from 0x2000'0000 to 0x2000'8fff] {
          rw, block CSTACK, block HEAP };
initialize by copy { rw };

  Section            Kind         Address    Size  Object
  -------            ----         -------    ----  ------
"A0":                                        0xb8
  .intvec            ro code   0x800'0000    0xb8  startup_stm32g070xx.o [1]
                             - 0x800'00b8    0xb8

"P1":                                      0x53ef
  .text              ro code   0x800'00b8  0x111a  xprintffull.o [2]
  .text              ro code   0x800'11d2    0x7e  lz77_init_single.o [4]
  .text              ro code   0x800'1250    0x8c  xlocale_c.o [2]
  .text              ro code   0x800'12dc    0x12  strchr.o [4]
  .text              ro code   0x800'12ee     0xa  xsprout.o [2]
  .text              ro code   0x800'12f8    0x48  xfail_s.o [2]
  .text              ro code   0x800'1340     0xe  strlen.o [4]
  .rodata            const     0x800'134e     0x2  xlocale_c.o [2]
  .text              ro code   0x800'1350    0x16  memchr.o [4]
  .rodata            const     0x800'1366     0x2  xlocale_c.o [2]
  .text              ro code   0x800'1368    0x4e  ABImemcpy.o [4]
  .text              ro code   0x800'13b6    0x32  DblCmpLe.o [3]
  .text              ro code   0x800'13e8    0x32  DblCmpGe.o [3]
  .text              ro code   0x800'141a     0x2  startup_stm32g070xx.o [1]
  .text              ro code   0x800'141c    0x52  DblToI32.o [3]
  .text              ro code   0x800'146e     0x2  startup_stm32g070xx.o [1]
  .text              ro code   0x800'1470    0x34  IxxToDbl.o [3]
  .text              ro code   0x800'14a4   0x1b4  DblAddSub.o [3]
  .text              ro code   0x800'1658    0x5e  I32DivMod.o [4]
  .text              ro code   0x800'16b6    0xc2  DblDiv.o [3]
  .text              ro code   0x800'1778   0x184  DblMul.o [3]
  .text              ro code   0x800'18fc     0xa  xmbcurmax.o [2]
  .text              ro code   0x800'1906    0x6a  I64DivMod.o [4]
  .text              ro code   0x800'1970     0xa  abort.o [2]
  .text              ro code   0x800'197a     0x2  startup_stm32g070xx.o [1]
  .text              ro code   0x800'197c     0x2  IntDivZer.o [4]
  .text              ro code   0x800'197e     0x2  startup_stm32g070xx.o [1]
  .text              ro code   0x800'1980     0x2  I64DivZer.o [4]
  .text              ro code   0x800'1982     0x2  startup_stm32g070xx.o [1]
  .text              ro code   0x800'1984    0x14  exit.o [5]
  .rodata            const     0x800'1998   0xd5c  fonts.o [1]
  .text              ro code   0x800'26f4   0xa7c  stm32g0xx_hal_adc.o [1]
  .text              ro code   0x800'3170   0x100  stm32g0xx_hal_msp.o [1]
  .text              ro code   0x800'3270     0x2  stm32g0xx_hal_adc_ex.o [1]
  .text              ro code   0x800'3272     0x2  stm32g0xx_hal_adc.o [1]
  .text              ro code   0x800'3274     0x2  stm32g0xx_hal_adc.o [1]
  .text              ro code   0x800'3276     0x2  startup_stm32g070xx.o [1]
  .text              ro code   0x800'3278     0x2  stm32g0xx_hal_adc_ex.o [1]
  .text              ro code   0x800'327a     0x2  stm32g0xx_hal_adc_ex.o [1]
  .text              ro code   0x800'327c     0x2  stm32g0xx_hal_adc.o [1]
  .text              ro code   0x800'327e     0x2  stm32g0xx_hal_adc_ex.o [1]
  .text              ro code   0x800'3280     0xc  stm32g0xx_hal.o [1]
  .text              ro code   0x800'328c    0x14  memset.o [4]
  .text              ro code   0x800'32a0   0x16c  stm32g0xx_hal_gpio.o [1]
  .text              ro code   0x800'340c    0x8c  stm32g0xx_hal_cortex.o [1]
  .text              ro code   0x800'3498    0x10  ABImemset_small.o [4]
  .text              ro code   0x800'34a8   0x75c  stm32g0xx_hal_i2c.o [1]
  .text              ro code   0x800'3c04   0x5d8  stm32g0xx_hal_rcc.o [1]
  .text              ro code   0x800'41dc    0x4c  stm32g0xx_hal.o [1]
  .text              ro code   0x800'4228   0x370  ux_manager.o [1]
  .text              ro code   0x800'4598   0x308  ssd1306.o [1]
  .text              ro code   0x800'48a0    0x32  FltToDbl.o [3]
  .text              ro code   0x800'48d2     0x2  startup_stm32g070xx.o [1]
  .text              ro code   0x800'48d4    0x40  sprintf.o [2]
  .text              ro code   0x800'4914    0x20  FltCmpEq.o [3]
  .text              ro code   0x800'4934    0x3a  FltToS32.o [3]
  .text              ro code   0x800'496e     0x2  startup_stm32g070xx.o [1]
  .text              ro code   0x800'4970    0x28  stm32g0xx_hal.o [1]
  .text              ro code   0x800'4998   0x120  FltAddSub.o [3]
  .text              ro code   0x800'4ab8   0x2cc  main.o [1]
  .text              ro code   0x800'4d84    0x28  stm32g0xx_hal.o [1]
  .text              ro code   0x800'4dac    0x8c  stm32g0xx_hal_i2c_ex.o [1]
  .text              ro code   0x800'4e38    0x20  IxxToFlt.o [3]
  .text              ro code   0x800'4e58    0x7c  thermistor.o [1]
  .text              ro code   0x800'4ed4    0x28  FltCmpGe.o [3]
  .text              ro code   0x800'4efc    0x4c  stm32g0xx_hal_pwr_ex.o [1]
  .text              ro code   0x800'4f48   0x164  stm32g0xx_hal_rcc_ex.o [1]
  .text              ro code   0x800'50ac    0xb0  FltMul.o [3]
  .text              ro code   0x800'515c    0xa0  stm32g0xx_it.o [1]
  .text              ro code   0x800'51fc    0x10  stm32g0xx_hal.o [1]
  .rodata            const     0x800'520c    0x8a  xprintffull.o [2]
  .text              ro code   0x800'5296     0x2  startup_stm32g070xx.o [1]
  .rodata            const     0x800'5298    0x40  system_stm32g0xx.o [1]
  .text              ro code   0x800'52d8    0x3c  zero_init3.o [4]
  .text              ro code   0x800'5314    0x28  data_init.o [4]
  .iar.init_table    const     0x800'533c    0x20  - Linker created -
  .text              ro code   0x800'535c    0x1e  cmain.o [4]
  .text              ro code   0x800'537a     0x4  low_level_init.o [2]
  .text              ro code   0x800'537e     0x8  exit.o [2]
  .text              ro code   0x800'5386     0x2  startup_stm32g070xx.o [1]
  .text              ro code   0x800'5388     0xa  cexit.o [4]
  .text              ro code   0x800'5392    0x1c  xencoding_8859_1.o [2]
  .text              ro code   0x800'53ae     0x2  startup_stm32g070xx.o [1]
  .text              ro code   0x800'53b0    0x10  startup_stm32g070xx.o [1]
  .text              ro code   0x800'53c0    0x10  system_stm32g0xx.o [1]
  .text              ro code   0x800'53d0     0xc  cstartup_M.o [4]
  .text              ro code   0x800'53dc     0x2  startup_stm32g070xx.o [1]
  .text              ro code   0x800'53de     0x2  startup_stm32g070xx.o [1]
  .text              ro code   0x800'53e0     0x2  startup_stm32g070xx.o [1]
  .text              ro code   0x800'53e2     0x2  startup_stm32g070xx.o [1]
  .text              ro code   0x800'53e4     0x2  startup_stm32g070xx.o [1]
  .text              ro code   0x800'53e6     0x2  startup_stm32g070xx.o [1]
  .text              ro code   0x800'53e8     0x2  startup_stm32g070xx.o [1]
  .text              ro code   0x800'53ea     0x2  startup_stm32g070xx.o [1]
  .text              ro code   0x800'53ec     0x2  startup_stm32g070xx.o [1]
  .text              ro code   0x800'53ee     0x2  startup_stm32g070xx.o [1]
  .text              ro code   0x800'53f0     0x2  startup_stm32g070xx.o [1]
  .text              ro code   0x800'53f2     0x2  startup_stm32g070xx.o [1]
  .text              ro code   0x800'53f4     0x2  startup_stm32g070xx.o [1]
  .text              ro code   0x800'53f6     0x2  startup_stm32g070xx.o [1]
  .text              ro code   0x800'53f8     0x2  startup_stm32g070xx.o [1]
  .rodata            const     0x800'53fa     0x1  xlocale_c.o [2]
  .rodata            const     0x800'53fb     0x0  zero_init3.o [4]
  .rodata            const     0x800'53fb     0x0  lz77_init_single.o [4]
  Initializer bytes  const     0x800'53fb    0xac  <for P2-1>
                             - 0x800'54a7  0x53ef

"P2", part 1 of 3:                          0x146
  P2-1                        0x2000'0000   0x146  <Init block>
    .data            inited   0x2000'0000     0x8  fonts.o [1]
    .data            inited   0x2000'0008     0xc  stm32g0xx_hal.o [1]
    .data            inited   0x2000'0014     0x4  system_stm32g0xx.o [1]
    .data            inited   0x2000'0018    0x48  thermistor.o [1]
    .data            inited   0x2000'0060    0x24  ux_manager.o [1]
    .data            inited   0x2000'0084    0x30  ux_manager.o [1]
    .data            inited   0x2000'00b4    0x38  xlocale_c.o [2]
    .data            inited   0x2000'00ec    0x48  xlocale_c.o [2]
    .data            inited   0x2000'0134    0x12  stm32g0xx_it.o [1]
                            - 0x2000'0146   0x146

"P2", part 2 of 3:                          0x4d0
  .bss               zero     0x2000'0148   0x400  ssd1306.o [1]
  .bss               zero     0x2000'0548    0xc0  main.o [1]
  .bss               zero     0x2000'0608     0x8  ssd1306.o [1]
  .bss               zero     0x2000'0610     0x4  main.o [1]
  .bss               zero     0x2000'0614     0x4  xfail_s.o [2]
                            - 0x2000'0618   0x4d0

"P2", part 3 of 3:                          0x400
  CSTACK                      0x2000'0618   0x400  <Block>
    CSTACK           uninit   0x2000'0618   0x400  <Block tail>
                            - 0x2000'0a18   0x400

Unused ranges:

         From           To      Size
         ----           --      ----
   0x800'54a7   0x801'ffff  0x1'ab59
  0x2000'0146  0x2000'0147       0x2
  0x2000'0a18  0x2000'8fff    0x85e8


*******************************************************************************
*** INIT TABLE
***

          Address      Size
          -------      ----
Zero (__iar_zero_init3)
    1 destination range, total size 0x4d0:
          0x2000'0148  0x4d0

Copy/lz77 (__iar_lz77_init_single3)
    1 source range, total size 0xac (52% of destination):
           0x800'53fb   0xac
    1 destination range, total size 0x146:
          0x2000'0000  0x146



*******************************************************************************
*** MODULE SUMMARY
***

    Module                  ro code  ro data  rw data
    ------                  -------  -------  -------
command line/config:
    -------------------------------------------------
    Total:

C:\Users\StevensUser\Documents\GitHub\Tank-Temp\EWARM\TankTemp (1)\Obj: [1]
    fonts.o                            3'424        8
    main.o                      716               196
    ssd1306.o                   776             1'032
    startup_stm32g070xx.o       252
    stm32g0xx_hal.o             184        6       12
    stm32g0xx_hal_adc.o       2'690
    stm32g0xx_hal_adc_ex.o        8
    stm32g0xx_hal_cortex.o      140
    stm32g0xx_hal_gpio.o        364
    stm32g0xx_hal_i2c.o       1'884
    stm32g0xx_hal_i2c_ex.o      140
    stm32g0xx_hal_msp.o         256
    stm32g0xx_hal_pwr_ex.o       76
    stm32g0xx_hal_rcc.o       1'496
    stm32g0xx_hal_rcc_ex.o      356
    stm32g0xx_it.o              160        9       18
    system_stm32g0xx.o           16       66        4
    thermistor.o                124       38       72
    ux_manager.o                880       44       84
    -------------------------------------------------
    Total:                   10'518    3'587    1'426

dl6M_tlf.a: [2]
    abort.o                      10
    exit.o                        8
    low_level_init.o              4
    sprintf.o                    64
    xencoding_8859_1.o           28
    xfail_s.o                    72                 4
    xlocale_c.o                 140       73      128
    xmbcurmax.o                  10
    xprintffull.o             4'378      138
    xsprout.o                    10
    -------------------------------------------------
    Total:                    4'724      211      132

m6M_tl.a: [3]
    DblAddSub.o                 436
    DblCmpGe.o                   50
    DblCmpLe.o                   50
    DblDiv.o                    194
    DblMul.o                    388
    DblToI32.o                   82
    FltAddSub.o                 288
    FltCmpEq.o                   32
    FltCmpGe.o                   40
    FltMul.o                    176
    FltToDbl.o                   50
    FltToS32.o                   58
    IxxToDbl.o                   52
    IxxToFlt.o                   32
    -------------------------------------------------
    Total:                    1'928

rt6M_tl.a: [4]
    ABImemcpy.o                  78
    ABImemset_small.o            16
    I32DivMod.o                  94
    I64DivMod.o                 106
    I64DivZer.o                   2
    IntDivZer.o                   2
    cexit.o                      10
    cmain.o                      30
    cstartup_M.o                 12
    data_init.o                  40
    lz77_init_single.o          126
    memchr.o                     22
    memset.o                     20
    strchr.o                     18
    strlen.o                     14
    zero_init3.o                 60
    -------------------------------------------------
    Total:                      650

shb_l.a: [5]
    exit.o                       20
    -------------------------------------------------
    Total:                       20

    Linker created                        33    1'024
-----------------------------------------------------
    Grand Total:             17'840    3'831    2'582


*******************************************************************************
*** ENTRY LIST
***

Entry                       Address   Size  Type      Object
-----                       -------   ----  ----      ------
.iar.init_table$$Base    0x800'533c          --   Gb  - Linker created -
.iar.init_table$$Limit   0x800'535c          --   Gb  - Linker created -
?main                    0x800'535d         Code  Gb  cmain.o [4]
ADC1_IRQHandler          0x800'51d5   0x16  Code  Gb  stm32g0xx_it.o [1]
ADC_Enable               0x800'30ed   0x68  Code  Gb  stm32g0xx_hal_adc.o [1]
AHBPrescTable            0x800'5298   0x40  Data  Gb  system_stm32g0xx.o [1]
C2F                      0x800'4eaf   0x1a  Code  Gb  thermistor.o [1]
CSTACK$$Base            0x2000'0618          --   Gb  - Linker created -
CSTACK$$Limit           0x2000'0a18          --   Gb  - Linker created -
CacheMore                0x800'1255   0x28  Code  Lc  xlocale_c.o [2]
Font11x18                0x800'1998  0xd5c  Data  Gb  fonts.o [1]
Font_11x18              0x2000'0000    0x8  Data  Gb  fonts.o [1]
GetButtonVal             0x800'445d   0x3c  Code  Gb  ux_manager.o [1]
HAL_ADCEx_ChannelConfigReadyCallback
                         0x800'327f    0x2  Code  Wk  stm32g0xx_hal_adc_ex.o [1]
HAL_ADCEx_EndOfSamplingCallback
                         0x800'3271    0x2  Code  Wk  stm32g0xx_hal_adc_ex.o [1]
HAL_ADCEx_LevelOutOfWindow2Callback
                         0x800'3279    0x2  Code  Wk  stm32g0xx_hal_adc_ex.o [1]
HAL_ADCEx_LevelOutOfWindow3Callback
                         0x800'327b    0x2  Code  Wk  stm32g0xx_hal_adc_ex.o [1]
HAL_ADC_AnalogWDGConfig
                         0x800'2e09  0x2d0  Code  Gb  stm32g0xx_hal_adc.o [1]
HAL_ADC_ConfigChannel    0x800'2b7d  0x25c  Code  Gb  stm32g0xx_hal_adc.o [1]
HAL_ADC_GetValue         0x800'2a2d    0x6  Code  Gb  stm32g0xx_hal_adc.o [1]
HAL_ADC_IRQHandler       0x800'2a33  0x142  Code  Gb  stm32g0xx_hal_adc.o [1]
HAL_ADC_Init             0x800'2741  0x22c  Code  Gb  stm32g0xx_hal_adc.o [1]
HAL_ADC_MspInit          0x800'319b   0x62  Code  Gb  stm32g0xx_hal_msp.o [1]
HAL_ADC_Start_IT         0x800'299d   0x7a  Code  Gb  stm32g0xx_hal_adc.o [1]
HAL_Delay                0x800'4971   0x28  Code  Wk  stm32g0xx_hal.o [1]
HAL_GPIO_Init            0x800'32a1  0x13c  Code  Gb  stm32g0xx_hal_gpio.o [1]
HAL_GPIO_ReadPin         0x800'33dd    0xc  Code  Gb  stm32g0xx_hal_gpio.o [1]
HAL_GPIO_WritePin        0x800'33e9    0xc  Code  Gb  stm32g0xx_hal_gpio.o [1]
HAL_GetTick              0x800'3281    0xc  Code  Wk  stm32g0xx_hal.o [1]
HAL_I2CEx_ConfigAnalogFilter
                         0x800'4dad   0x3a  Code  Gb  stm32g0xx_hal_i2c_ex.o [1]
HAL_I2CEx_ConfigDigitalFilter
                         0x800'4de7   0x36  Code  Gb  stm32g0xx_hal_i2c_ex.o [1]
HAL_I2C_Init             0x800'34a9   0xa8  Code  Gb  stm32g0xx_hal_i2c.o [1]
HAL_I2C_Master_Transmit
                         0x800'3551  0x118  Code  Gb  stm32g0xx_hal_i2c.o [1]
HAL_I2C_Mem_Read         0x800'3801  0x18e  Code  Gb  stm32g0xx_hal_i2c.o [1]
HAL_I2C_Mem_Write        0x800'36a1  0x15e  Code  Gb  stm32g0xx_hal_i2c.o [1]
HAL_I2C_MspInit          0x800'31fd   0x5e  Code  Gb  stm32g0xx_hal_msp.o [1]
HAL_IncTick              0x800'51fd   0x10  Code  Wk  stm32g0xx_hal.o [1]
HAL_Init                 0x800'4d85   0x24  Code  Gb  stm32g0xx_hal.o [1]
HAL_InitTick             0x800'41dd   0x4c  Code  Wk  stm32g0xx_hal.o [1]
HAL_MspInit              0x800'3171   0x2a  Code  Gb  stm32g0xx_hal_msp.o [1]
HAL_NVIC_EnableIRQ       0x800'344f   0x12  Code  Gb  stm32g0xx_hal_cortex.o [1]
HAL_NVIC_SetPriority     0x800'3447    0x8  Code  Gb  stm32g0xx_hal_cortex.o [1]
HAL_PWREx_ControlVoltageScaling
                         0x800'4efd   0x3a  Code  Gb  stm32g0xx_hal_pwr_ex.o [1]
HAL_RCCEx_PeriphCLKConfig
                         0x800'4f49  0x142  Code  Gb  stm32g0xx_hal_rcc_ex.o [1]
HAL_RCC_ClockConfig      0x800'3fd5  0x14e  Code  Gb  stm32g0xx_hal_rcc.o [1]
HAL_RCC_GetSysClockFreq
                         0x800'4135   0x82  Code  Gb  stm32g0xx_hal_rcc.o [1]
HAL_RCC_OscConfig        0x800'3c05  0x3ba  Code  Gb  stm32g0xx_hal_rcc.o [1]
HAL_SYSTICK_Config       0x800'3461   0x28  Code  Gb  stm32g0xx_hal_cortex.o [1]
HardFault_Handler        0x800'515f    0x2  Code  Gb  stm32g0xx_it.o [1]
I2C_Flush_TXDR           0x800'3a59   0x1c  Code  Lc  stm32g0xx_hal_i2c.o [1]
I2C_IsAcknowledgeFailed
                         0x800'3b67   0x72  Code  Lc  stm32g0xx_hal_i2c.o [1]
I2C_RequestMemoryRead    0x800'39f9   0x5a  Code  Lc  stm32g0xx_hal_i2c.o [1]
I2C_RequestMemoryWrite   0x800'399d   0x5c  Code  Lc  stm32g0xx_hal_i2c.o [1]
I2C_TransferConfig       0x800'3bd9   0x22  Code  Lc  stm32g0xx_hal_i2c.o [1]
I2C_WaitOnFlagUntilTimeout
                         0x800'3a75   0x58  Code  Lc  stm32g0xx_hal_i2c.o [1]
I2C_WaitOnSTOPFlagUntilTimeout
                         0x800'3b1f   0x48  Code  Lc  stm32g0xx_hal_i2c.o [1]
I2C_WaitOnTXISFlagUntilTimeout
                         0x800'3acd   0x52  Code  Lc  stm32g0xx_hal_i2c.o [1]
LL_ADC_REG_IsTriggerSourceSWStart
                         0x800'270b   0x10  Code  Lc  stm32g0xx_hal_adc.o [1]
LL_ADC_SetAnalogWDMonitChannels
                         0x800'271b   0x26  Code  Lc  stm32g0xx_hal_adc.o [1]
LL_ADC_SetSamplingTimeCommonChannels
                         0x800'26f5   0x16  Code  Lc  stm32g0xx_hal_adc.o [1]
MandB                   0x2000'0028   0x38  Data  Gb  thermistor.o [1]
NMI_Handler              0x800'515d    0x2  Code  Gb  stm32g0xx_it.o [1]
PendSV_Handler           0x800'5163    0x2  Code  Gb  stm32g0xx_it.o [1]
ProcessKeyCode           0x800'44a5   0xa2  Code  Gb  ux_manager.o [1]
Region$$Table$$Base      0x800'533c          --   Gb  - Linker created -
Region$$Table$$Limit     0x800'535c          --   Gb  - Linker created -
SSD1306                 0x2000'0608    0x8  Data  Lc  ssd1306.o [1]
SSD1306_Buffer          0x2000'0148  0x400  Data  Lc  ssd1306.o [1]
SSD1306_Clear            0x800'4845    0xe  Code  Gb  ssd1306.o [1]
SSD1306_DrawPixel        0x800'472b   0x3e  Code  Gb  ssd1306.o [1]
SSD1306_Fill             0x800'4713   0x18  Code  Gb  ssd1306.o [1]
SSD1306_GotoXY           0x800'4769    0x8  Code  Gb  ssd1306.o [1]
SSD1306_Init             0x800'4599  0x13c  Code  Gb  ssd1306.o [1]
SSD1306_Putc             0x800'4771   0xa8  Code  Gb  ssd1306.o [1]
SSD1306_Puts             0x800'4819   0x24  Code  Gb  ssd1306.o [1]
SSD1306_UpdateScreen     0x800'46d5   0x3e  Code  Gb  ssd1306.o [1]
SVC_Handler              0x800'5161    0x2  Code  Gb  stm32g0xx_it.o [1]
SwitchScreens            0x800'429d  0x1c0  Code  Gb  ux_manager.o [1]
SysTick_Handler          0x800'5165   0x70  Code  Gb  stm32g0xx_it.o [1]
SystemClock_Config       0x800'4ced   0x60  Code  Gb  main.o [1]
SystemCoreClock         0x2000'0014    0x4  Data  Gb  system_stm32g0xx.o [1]
SystemInit               0x800'53c1    0xa  Code  Gb  system_stm32g0xx.o [1]
ThermTemp                0x800'4e59   0x56  Code  Gb  thermistor.o [1]
UpdateScreen             0x800'4229   0x74  Code  Gb  ux_manager.o [1]
_Encoding_8859_1_Mbrlen
                         0x800'53a3    0x2  Code  Gb  xencoding_8859_1.o [2]
_Encoding_8859_1_Wctomb
                         0x800'5393   0x10  Code  Gb  xencoding_8859_1.o [2]
_LitobFull               0x800'102b  0x120  Code  Lc  xprintffull.o [2]
_Locale_lconv           0x2000'00b4   0x38  Data  Lc  xlocale_c.o [2]
_PrintfFull              0x800'00b9  0xd9e  Code  Gb  xprintffull.o [2]
_PutcharsFull            0x800'119d   0x36  Code  Lc  xprintffull.o [2]
_PutstrFull              0x800'0f6b   0xc0  Code  Lc  xprintffull.o [2]
_PuttxtFull              0x800'0e57  0x114  Code  Lc  xprintffull.o [2]
_SProut                  0x800'12ef    0xa  Code  Gb  xsprout.o [2]
__ICFEDIT_region_RAM_end__ {Abs}
                        0x2000'8fff         Data  Gb  <internal module>
__ICFEDIT_region_RAM_start__ {Abs}
                        0x2000'0000         Data  Gb  <internal module>
__NVIC_SetPriority       0x800'340d   0x3a  Code  Lc  stm32g0xx_hal_cortex.o [1]
__aeabi_cdcmple          0x800'13b7         Code  Gb  DblCmpLe.o [3]
__aeabi_cdrcmple         0x800'13e9         Code  Gb  DblCmpGe.o [3]
__aeabi_cfcmpeq          0x800'4915         Code  Gb  FltCmpEq.o [3]
__aeabi_cfrcmple         0x800'4ed5         Code  Gb  FltCmpGe.o [3]
__aeabi_d2iz             0x800'141d         Code  Gb  DblToI32.o [3]
__aeabi_d2uiz            0x800'1441         Code  Gb  DblToI32.o [3]
__aeabi_dadd             0x800'14a5         Code  Gb  DblAddSub.o [3]
__aeabi_ddiv             0x800'16b7         Code  Gb  DblDiv.o [3]
__aeabi_dmul             0x800'1779         Code  Gb  DblMul.o [3]
__aeabi_dsub             0x800'156b         Code  Gb  DblAddSub.o [3]
__aeabi_f2d              0x800'48a1         Code  Gb  FltToDbl.o [3]
__aeabi_f2iz             0x800'4935         Code  Gb  FltToS32.o [3]
__aeabi_fadd             0x800'4999         Code  Gb  FltAddSub.o [3]
__aeabi_fmul             0x800'50ad         Code  Gb  FltMul.o [3]
__aeabi_fsub             0x800'4a09         Code  Gb  FltAddSub.o [3]
__aeabi_i2d              0x800'1491         Code  Gb  IxxToDbl.o [3]
__aeabi_idiv0            0x800'197d         Code  Gb  IntDivZer.o [4]
__aeabi_ldiv0            0x800'1981         Code  Gb  I64DivZer.o [4]
__aeabi_memcpy           0x800'139d         Code  Gb  ABImemcpy.o [4]
__aeabi_memcpy4          0x800'1369         Code  Gb  ABImemcpy.o [4]
__aeabi_memcpy8          0x800'1369         Code  Gb  ABImemcpy.o [4]
__aeabi_ui2d             0x800'1471         Code  Gb  IxxToDbl.o [3]
__aeabi_ui2f             0x800'4e39         Code  Gb  IxxToFlt.o [3]
__aeabi_uldivmod         0x800'1907         Code  Gb  I64DivMod.o [4]
__cmain                  0x800'535d         Code  Gb  cmain.o [4]
__exit                   0x800'1985   0x14  Code  Gb  exit.o [5]
__iar_Fail_s             0x800'12f9   0x22  Code  Gb  xfail_s.o [2]
__iar_Mbcurmax           0x800'18fd    0xa  Code  Gb  xmbcurmax.o [2]
__iar_Memchr             0x800'1351         Code  Gb  memchr.o [4]
__iar_Memcpy             0x800'13a9         Code  Gb  ABImemcpy.o [4]
__iar_Strchr             0x800'12dd         Code  Gb  strchr.o [4]
__iar_d2uiz              0x800'1445         Code  Gb  DblToI32.o [3]
__iar_data_init3         0x800'5315   0x28  Code  Gb  data_init.o [4]
__iar_globLocale        0x2000'00ec   0x48  Data  Lc  xlocale_c.o [2]
__iar_global_Locale      0x800'1251    0x4  Code  Gb  xlocale_c.o [2]
__iar_lz77_init_single3
                         0x800'11d3   0x7e  Code  Gb  lz77_init_single.o [4]
__iar_program_start      0x800'53d1         Code  Gb  cstartup_M.o [4]
__iar_small_Memset4_word
                         0x800'349d         Code  Gb  ABImemset_small.o [4]
__iar_small_Memset_word
                         0x800'349d         Code  Gb  ABImemset_small.o [4]
__iar_small_idiv         0x800'1659         Code  Gb  I32DivMod.o [4]
__iar_small_idivmod      0x800'1659         Code  Gb  I32DivMod.o [4]
__iar_small_memclr       0x800'3499         Code  Gb  ABImemset_small.o [4]
__iar_small_memclr4      0x800'3499         Code  Gb  ABImemset_small.o [4]
__iar_small_memclr8      0x800'3499         Code  Gb  ABImemset_small.o [4]
__iar_small_memset       0x800'349d         Code  Gb  ABImemset_small.o [4]
__iar_small_memset4      0x800'349d         Code  Gb  ABImemset_small.o [4]
__iar_small_memset8      0x800'349d         Code  Gb  ABImemset_small.o [4]
__iar_small_uidiv        0x800'1681         Code  Gb  I32DivMod.o [4]
__iar_small_uidivmod     0x800'1681         Code  Gb  I32DivMod.o [4]
__iar_zero_init3         0x800'52d9   0x3c  Code  Gb  zero_init3.o [4]
__low_level_init         0x800'537b    0x4  Code  Gb  low_level_init.o [2]
__vector_table           0x800'0000         Data  Gb  startup_stm32g070xx.o [1]
_call_main               0x800'5369         Code  Gb  cmain.o [4]
_exit                    0x800'5389         Code  Gb  cexit.o [4]
_gLocale_mblen           0x800'12b9    0xa  Code  Gb  xlocale_c.o [2]
_gLocale_mblenInt        0x800'127d   0x34  Code  Gb  xlocale_c.o [2]
_gLocale_wctomb          0x800'12c3    0xa  Code  Gb  xlocale_c.o [2]
_gLocale_wctombInt       0x800'12b1    0x8  Code  Gb  xlocale_c.o [2]
_main                    0x800'5377         Code  Gb  cmain.o [4]
abort                    0x800'1971    0xa  Code  Gb  abort.o [2]
breakpointsX            0x2000'0018   0x10  Data  Gb  thermistor.o [1]
buttonDebounced         0x2000'05b0    0x1  Data  Gb  main.o [1]
buttonProcessed         0x2000'05b1    0x1  Data  Gb  main.o [1]
currentScreen           0x2000'0060    0x1  Data  Gb  ux_manager.o [1]
exit                     0x800'537f    0x8  Code  Gb  exit.o [2]
fiftyMSCounter          0x2000'0140    0x2  Data  Gb  stm32g0xx_it.o [1]
fiftyMSFlag             0x2000'0137    0x1  Data  Gb  stm32g0xx_it.o [1]
fiveMSCounter           0x2000'013c    0x2  Data  Gb  stm32g0xx_it.o [1]
fiveMSFlag              0x2000'0135    0x1  Data  Gb  stm32g0xx_it.o [1]
hadc1                   0x2000'0548   0x64  Data  Gb  main.o [1]
hi2c1                   0x2000'05bc   0x4c  Data  Gb  main.o [1]
hundredMSCounter        0x2000'0142    0x2  Data  Gb  stm32g0xx_it.o [1]
hundredMSFlag           0x2000'0138    0x1  Data  Gb  stm32g0xx_it.o [1]
i2cResult               0x2000'05b3    0x1  Data  Gb  main.o [1]
keyCode                 0x2000'05b2    0x1  Data  Gb  main.o [1]
lastMax                 0x2000'007c    0x4  Data  Gb  ux_manager.o [1]
lastMin                 0x2000'0080    0x4  Data  Gb  ux_manager.o [1]
lastScreen              0x2000'0061    0x1  Data  Gb  ux_manager.o [1]
localeconv               0x800'12cd    0x4  Code  Gb  xlocale_c.o [2]
main                     0x800'4ab9  0x234  Code  Gb  main.o [1]
maxTemp                 0x2000'0084   0x18  Data  Gb  ux_manager.o [1]
memRxData               0x2000'05ac    0x4  Data  Gb  main.o [1]
memchr                   0x800'1351         Code  Gb  memchr.o [4]
memset                   0x800'328d   0x14  Code  Gb  memset.o [4]
minTemp                 0x2000'0064   0x18  Data  Gb  ux_manager.o [1]
oneMSCounter            0x2000'013a    0x2  Data  Gb  stm32g0xx_it.o [1]
oneMSFlag               0x2000'0134    0x1  Data  Gb  stm32g0xx_it.o [1]
oneSCounter             0x2000'0144    0x2  Data  Gb  stm32g0xx_it.o [1]
oneSFlag                0x2000'0139    0x1  Data  Gb  stm32g0xx_it.o [1]
scale                    0x800'114b   0x44  Code  Lc  xprintffull.o [2]
sec_hand                0x2000'0614    0x4  Data  Lc  xfail_s.o [2]
sprintf                  0x800'48d5   0x40  Code  Gb  sprintf.o [2]
ssd1306_I2C_Write        0x800'4881   0x1a  Code  Gb  ssd1306.o [1]
ssd1306_I2C_WriteMulti   0x800'4853   0x2e  Code  Gb  ssd1306.o [1]
strchr                   0x800'12dd         Code  Gb  strchr.o [4]
strlen                   0x800'1341         Code  Gb  strlen.o [4]
tempC                   0x2000'05b6    0x2  Data  Gb  main.o [1]
tempF                   0x2000'05b8    0x2  Data  Gb  main.o [1]
tempInF                 0x2000'009c   0x18  Data  Gb  ux_manager.o [1]
tenMSCounter            0x2000'013e    0x2  Data  Gb  stm32g0xx_it.o [1]
tenMSFlag               0x2000'0136    0x1  Data  Gb  stm32g0xx_it.o [1]
thermCounts             0x2000'05b4    0x2  Data  Gb  main.o [1]
userSettings            0x2000'0610    0x4  Data  Gb  main.o [1]
uwTick                  0x2000'0008    0x4  Data  Gb  stm32g0xx_hal.o [1]
uwTickFreq              0x2000'0010    0x4  Data  Gb  stm32g0xx_hal.o [1]
uwTickPrio              0x2000'000c    0x4  Data  Gb  stm32g0xx_hal.o [1]


[1] = C:\Users\StevensUser\Documents\GitHub\Tank-Temp\EWARM\TankTemp (1)\Obj
[2] = dl6M_tlf.a
[3] = m6M_tl.a
[4] = rt6M_tl.a
[5] = shb_l.a

  17'840 bytes of readonly  code memory
   3'831 bytes of readonly  data memory
   2'582 bytes of readwrite data memory

Errors: none
Warnings: none
